C51 COMPILER V9.60.0.0   KEY                                                               12/16/2020 21:49:36 PAGE 1   


C51 COMPILER V9.60.0.0, COMPILATION OF MODULE KEY
OBJECT MODULE PLACED IN .\Objects\key.obj
COMPILER INVOKED BY: C:\Keil_v5\C51\BIN\C51.EXE key.c OPTIMIZE(8,SPEED) BROWSE DEBUG OBJECTEXTEND PRINT(.\Listings\key.l
                    -st) OBJECT(.\Objects\key.obj)

line level    source

   1          #include "key.h"
   2          #include "delay.h"
   3          
   4          unsigned char key_scan()
   5          {
   6   1              unsigned char return_value = KEY_NORMAL;
   7   1              if (0 == set_key)
   8   1              {
   9   2      //              delay_xms();
  10   2                      if(0 == set_key)
  11   2                      {
  12   3                              return_value = KEY_SET_PRESSED;
  13   3                              while(!set_key);
  14   3                      }
  15   2      
  16   2              }
  17   1              else if(0 == adj_key)
  18   1              {
  19   2      //              delay_xms();
  20   2                      if(0 == adj_key)
  21   2                      {
  22   3                              return_value = KEY_ADJ_PRESSED;
  23   3                              while(!adj_key);
  24   3                      }
  25   2                      
  26   2              }
  27   1              
  28   1              else if(0 == l_key)
  29   1              {
  30   2      //              delay_xms();
  31   2                      if(0 == l_key)
  32   2                      {
  33   3                              return_value = KEY_TIMER_L_PRESSED;
  34   3                              while(!l_key);
  35   3                      }
  36   2                      
  37   2              }
  38   1              
  39   1              else if(0 == r_key)
  40   1              {
  41   2      //              delay_xms();
  42   2                      if(0 == r_key)
  43   2                      {
  44   3                              return_value = KEY_TIMER_R_PRESSED;
  45   3                              while(!r_key);
  46   3                      }
  47   2                      
  48   2              }
  49   1              
  50   1              
  51   1              return return_value;
  52   1      }


C51 COMPILER V9.60.0.0   KEY                                                               12/16/2020 21:49:36 PAGE 2   

MODULE INFORMATION:   STATIC OVERLAYABLE
   CODE SIZE        =     52    ----
   CONSTANT SIZE    =   ----    ----
   XDATA SIZE       =   ----    ----
   PDATA SIZE       =   ----    ----
   DATA SIZE        =   ----    ----
   IDATA SIZE       =   ----    ----
   BIT SIZE         =   ----    ----
END OF MODULE INFORMATION.


C51 COMPILATION COMPLETE.  0 WARNING(S),  0 ERROR(S)
